# serializer version: 1
# name: test_get_toilets
  tuple(
    0.018799897788212956,
    dict({
      'address': '臺北市信義區西村里信義路五段7號',
      'latitude': '25.03352400',
      'longitude': '121.56460400',
      'name': '台北101觀景台91樓男',
    }),
  )
# ---
# name: test_print_help
  '''
  
  * 開啟對話來尋找附近的廁所
  
  Example: 
  @LineGPT toilet start
  
  * 關閉目前對話來使用其他定位功能
  
  Example:
  @LineGPT toilet stop
  
  '''
# ---
